10-04 22:12:46.687   607  4934 D audio_hw_primary: select_devices for use case (low-latency-playback)
10-04 22:12:46.687   607  4934 D audio_hw_extn: audio_extn_get_anc_enabled: anc_enabled:0
10-04 22:12:46.687   607  4934 D audio_hw_primary: select_devices, usecase_flag:0, out_snd_device:10
10-04 22:12:46.687   607  4934 I msm8974_platform: platform_check_and_set_codec_backend_cfg:becf: afe: bitwidth 24, samplerate 48000 channels 2, backend_idx 3 usecase = 1 device (headphones)
10-04 22:12:46.687   607  4934 I msm8974_platform: platform_check_and_set_codec_backend_cfg: new_snd_devices[0] is 10
10-04 22:12:46.687   607  4934 I msm8974_platform: platform_check_codec_backend_cfg:becf: afe: bitwidth 24, samplerate 48000 channels 2, backend_idx 3 usecase = 1 device (headphones)
10-04 22:12:46.687   607  4934 D msm8974_platform: platform_check_codec_backend_cfg:becf: afe: napb not active - set non fractional rate
10-04 22:12:46.688   607  4934 E audio_hw_extn: audio_extn_enable_hifi_filter: Could not get ctl for mixer cmd - HiFi Filter, using default control
10-04 22:12:46.688   607  4934 D msm8974_platform: platform_check_codec_backend_cfg:becf: updated afe: bitwidth 24, samplerate 48000 channels 2,backend_idx 3 usecase = 1 device (headphones)
10-04 22:12:46.688   607  4934 I msm8974_platform: platform_check_codec_backend_cfg:becf: afe: Codec selected backend: 3 updated bit width: 24 and sample rate: 48000
10-04 22:12:46.688   607  4934 I msm8974_platform: platform_check_codec_backend_cfg:becf: afe: Codec backend needs to be updated. new bit width: 24new sample rate: 48000 new channels: 2
10-04 22:12:46.688   607  4934 I msm8974_platform: platform_check_codec_backend_cfg: apply HPH HQ mode
10-04 22:12:46.688   607  4934 I audio_route: > audio_route_apply_path : "hph-highquality-mode"
10-04 22:12:46.688   607  4934 E audio_route: unable to find path 'hph-highquality-mode'
10-04 22:12:46.688   607  4934 I msm8974_platform: platform_set_codec_backend_cfg:becf: afe: bitwidth 24, samplerate 48000 channels 2 format 3, backend_idx 3 device (headphones)
10-04 22:12:46.689   607  4934 E msm8974_platform: platform_set_codec_backend_cfg:becf: afe: Could not get ctl for mixer command - INT0_MI2S_RX Format
10-04 22:12:46.689   607  4934 D audio_hw_primary: check_usecases_codec_backend:becf: force routing 0
10-04 22:12:46.689   607  4934 E msm8974_platform: platform_check_backends_match: Invalid snd_device = 
10-04 22:12:46.689   607  4934 D audio_hw_primary: check_usecases_codec_backend:becf: (89) check_usecases curr device: headphones, usecase device: backends match 0
10-04 22:12:46.689   607  4934 D audio_hw_primary: check_usecases_codec_backend:becf: check_usecases num.of Usecases to switch 0
10-04 22:12:46.689   607  4934 D hardware_info: hw_info_append_hw_type : device_name = headphones
10-04 22:12:46.689   607  4934 D audio_hw_primary: enable_snd_device: device 10:device_name:headphones:ref_cnt:1
10-04 22:12:46.689   607  4934 D audio_hw_primary: enable_snd_device: snd_device(10: headphones)
10-04 22:12:46.689   607  4934 D msm8974_platform: platform_get_island_cfg_on_device:island cfg status on snd_device = (headphones 0)
10-04 22:12:46.689   607  4934 I audio_route: > audio_route_apply_path : "headphones"
10-04 22:12:46.689   607  4934 D audio_route: Apply path: headphones
10-04 22:12:46.689   607  4934 I audio_route: > audio_route_update_path + : "headphones" reverse(0)
10-04 22:12:46.689   607  4934 I audio_route: > audio_route_update_path + : path length = 6
10-04 22:12:46.691   607  4934 V audio_route: ctl(0)   : "PRIM_MI2S_RX Channels" value "Two"
10-04 22:12:46.693   607  4934 V audio_route: ctl(1)   : "RX1 MIX1 INP1" value "RX1"
10-04 22:12:46.695   607  4934 V audio_route: ctl(2)   : "RX2 MIX1 INP1" value "RX2"
10-04 22:12:46.699   607  4934 V audio_route: ctl(3)   : "RDAC2 MUX" value "RX2"
10-04 22:12:46.700   607  4934 V audio_route: ctl(4)   : "HPHL" value "Switch"
10-04 22:12:46.702   607  4934 V audio_route: ctl(5)   : "HPHR" value "Switch"
10-04 22:12:46.702   607  4934 D audio_hw_primary: select_devices: adev->active_input->snd_device=0 (0x0)
10-04 22:12:46.702   607  4934 D audio_hw_primary: enable_audio_route: enter: usecase(1)
10-04 22:12:46.702   607  4934 D audio_hw_utils: audio_extn_utils_send_app_type_cfg: usecase->out_snd_device headphones
10-04 22:12:46.702   607  4934 D audio_hw_utils: send_app_type_cfg_for_device: usecase->id 1 usecase->out_snd_device headphones, usecase->in_snd_device , split_snd_device headphones
10-04 22:12:46.703   607  4934 I audio_hw_utils: send_app_type_cfg_for_device PLAYBACK app_type 69937, acdb_dev_id 10, sample_rate 48000, snd_device_be_idx 43
10-04 22:12:46.704   607  4934 D ACDB-LOADER: ACDB -> send_audio_cal, acdb_id = 10, path = 0, app id = 0x11131, sample rate = 48000, afe_sample_rate = 48000
10-04 22:12:46.704   607  4934 D ACDB-LOADER: ACDB -> send_asm_topology
10-04 22:12:46.704   607  4934 D ACDB-LOADER: ACDB -> ACDB_CMD_GET_AUDPROC_STREAM_TOPOLOGY_ID
10-04 22:12:46.704   607  4934 D ACDB-LOADER: ACDB -> send_adm_topology
10-04 22:12:46.704   607  4934 D ACDB-LOADER: ACDB -> ACDB_CMD_GET_AUDPROC_COMMON_TOPOLOGY_ID
10-04 22:12:46.704   607  4934 D ACDB-LOADER: ACDB -> send_audtable
10-04 22:12:46.704   607  4934 D ACDB-LOADER: ACDB -> ACDB_CMD_GET_AUDPROC_COMMON_TABLE_SIZE
10-04 22:12:46.704   607  4934 D ACDB-LOADER: ACDB -> ACDB_CMD_GET_AUDPROC_COMMON_TABLE
10-04 22:12:46.704   607  4934 D ACDB-LOADER: ACDB -> AUDIO_SET_AUDPROC_CAL cal_type[11] acdb_id[10] app_type[69937]
10-04 22:12:46.704   607  4934 D ACDB-LOADER: ACDB -> send_audvoltable
10-04 22:12:46.704   607  4934 D ACDB-LOADER: ACDB -> ACDB_CMD_GET_AUDPROC_GAIN_DEP_STEP_TABLE_SIZE
10-04 22:12:46.704   607  4934 D android.hardware.audio.service: Failed to fetch the lookup information of the device 0000000A 
10-04 22:12:46.704   607  4934 D ACDB-LOADER: Error: ACDB_CMD_GET_AUDPROC_GAIN_DEP_STEP_TABLE_SIZE Returned = -19
10-04 22:12:46.704   607  4934 D ACDB-LOADER: ACDB -> ACDB_CMD_GET_AUDPROC_GAIN_DEP_STEP_TABLE, vol index 0
10-04 22:12:46.704   607  4934 D android.hardware.audio.service: Failed to fetch the lookup information of the device 0000000A 
10-04 22:12:46.704   607  4934 D ACDB-LOADER: Error: ACDB AudProc vol returned = -19
10-04 22:12:46.704   607  4934 D ACDB-LOADER: ACDB -> AUDIO_SET_VOL_CAL cal type = 12
10-04 22:12:46.704   607  4934 D ACDB-LOADER: ACDB -> ACDB_CMD_GET_AUDPROC_STREAM_TABLE_SIZE
10-04 22:12:46.704   607  4934 D ACDB-LOADER: ACDB -> send_audstrmtable
10-04 22:12:46.704   607  4934 D ACDB-LOADER: ACDB -> ACDB_CMD_GET_AUDPROC_STREAM_TABLE_V2
10-04 22:12:46.704   607  4934 D ACDB-LOADER: ACDB -> audstrm_cal->cal_type.cal_data.cal_size = 16
10-04 22:12:46.704   607  4934 D ACDB-LOADER: ACDB -> send_afe_topology
10-04 22:12:46.704   607  4934 D ACDB-LOADER: ACDB -> ACDB_CMD_GET_AFE_TOPOLOGY_ID
10-04 22:12:46.704   607  4934 D ACDB-LOADER: ACDB -> GET_AFE_TOPOLOGY_ID for adcd_id 10, Topology Id 112fc
10-04 22:12:46.704   607  4934 D ACDB-LOADER: ACDB -> send_afe_cal
10-04 22:12:46.704   607  4934 D ACDB-LOADER: ACDB -> ACDB_CMD_GET_AFE_COMMON_TABLE_SIZE
10-04 22:12:46.704   607  4934 D android.hardware.audio.service: Failed to fetch the lookup information of the device 0000000A 
10-04 22:12:46.704   607  4934 D ACDB-LOADER: Error: ACDB_CMD_GET_AFE_COMMON_TABLE_SIZE Returned = -19
10-04 22:12:46.704   607  4934 D ACDB-LOADER: ACDB -> ACDB_CMD_GET_AFE_COMMON_TABLE
10-04 22:12:46.704   607  4934 D android.hardware.audio.service: Failed to fetch the lookup information of the device 0000000A 
10-04 22:12:46.704   607  4934 D ACDB-LOADER: Error: ACDB AFE returned = -19
10-04 22:12:46.704   607  4934 D ACDB-LOADER: ACDB -> AUDIO_SET_AFE_CAL cal_type[16] acdb_id[10]
10-04 22:12:46.704   607  4934 D ACDB-LOADER: ACDB -> send_hw_delay : acdb_id = 10 path = 0
10-04 22:12:46.704   607  4934 D ACDB-LOADER: ACDB -> ACDB_AVSYNC_INFO: ACDB_CMD_GET_DEVICE_PROPERTY
10-04 22:12:46.705   607  4934 D audio_hw_primary: enable_audio_route: apply mixer and update path: low-latency-playback headphones
10-04 22:12:46.705   607  4934 I audio_route: > audio_route_apply_path : "low-latency-playback headphones"
10-04 22:12:46.705   607  4934 D audio_route: Apply path: low-latency-playback headphones
10-04 22:12:46.705   607  4934 I audio_route: > audio_route_update_path + : "low-latency-playback headphones" reverse(0)
10-04 22:12:46.705   607  4934 I audio_route: > audio_route_update_path + : path length = 1
10-04 22:12:46.706   607  4934 V audio_route: ctl(0)   : "PRI_MI2S_RX Audio Mixer MultiMedia5" value 1
10-04 22:12:46.706   607  4934 D audio_hw_primary: enable_audio_route: exit
10-04 22:12:46.706   607  4934 D audio_hw_primary: start_output_stream: Opening PCM device card_id(0) device_id(12) format(0x3),config.rate:48000,bit_width:24
10-04 22:12:46.747  1876  2899 D _V_DisplayPowerControllerImpl: mSettingBrightness = -1.0 as request 0.101960786
10-04 22:12:46.762   607  4934 D msm8974_platform: platform_set_channel_map mixer_ctl_name:Playback Channel Map12
10-04 22:12:46.763   607  4934 D msm8974_platform: platform_set_channel_map: set mapping(1 2 0 0 0 0 0 0) for channel:2
10-04 22:12:46.765   607  4934 D audio_hw_primary: start_output_stream: exit
10-04 22:12:47.009  1876  1876 D _V_DisplayPowerControllerImpl: mSettingBrightness = -1.0 as request 0.101960786
10-04 22:12:47.044  1876  3163 D _V_DisplayPowerControllerImpl: mSettingBrightness = -1.0 as request 0.101960786
10-04 22:12:47.067  1876  3163 D _V_DisplayPowerControllerImpl: mSettingBrightness = -1.0 as request 0.101960786
10-04 22:12:47.108  1876  3178 D _V_DisplayPowerControllerImpl: mSettingBrightness = -1.0 as request 0.101960786
10-04 22:12:47.159  1876  2010 D _V_DisplayPowerControllerImpl: mSettingBrightness = -1.0 as request 0.101960786
10-04 22:12:47.202  1876  1876 D _V_DisplayPowerControllerImpl: mSettingBrightness = -1.0 as request 0.101960786
10-04 22:12:47.259  1876  2010 D _V_DisplayPowerControllerImpl: mSettingBrightness = -1.0 as request 0.101960786
10-04 22:12:47.404  1876  4558 D _V_DisplayPowerControllerImpl: mSettingBrightness = -1.0 as request 0.101960786
10-04 22:12:47.441  1876  2010 D _V_DisplayPowerControllerImpl: mSettingBrightness = -1.0 as request 0.101960786
10-04 22:12:47.576  1876  2010 D _V_DisplayPowerControllerImpl: mSettingBrightness = -1.0 as request 0.101960786
10-04 22:12:47.647  1876  4558 D _V_DisplayPowerControllerImpl: mSettingBrightness = -1.0 as request 0.101960786
10-04 22:12:47.653  1876  2031 D _V_DisplayPowerControllerImpl: mSettingBrightness = -1.0 as request 0.101960786
10-04 22:12:47.686   607   651 D audio_hw_primary: out_standby: enter: stream (0xf0418000) usecase(1: low-latency-playback)
10-04 22:12:47.751  1876  2031 D _V_DisplayPowerControllerImpl: mSettingBrightness = -1.0 as request 0.101960786
10-04 22:12:47.779  1876  3115 D _V_DisplayPowerControllerImpl: mSettingBrightness = -1.0 as request 0.101960786
10-04 22:12:47.793  1876  3163 D _V_DisplayPowerControllerImpl: mSettingBrightness = -1.0 as request 0.101960786
10-04 22:12:47.809  1876  2010 D _V_DisplayPowerControllerImpl: mSettingBrightness = -1.0 as request 0.101960786
10-04 22:12:47.810   607   651 D audio_hw_primary: disable_audio_route: reset and update mixer path: low-latency-playback headphones
10-04 22:12:47.810   607   651 V audio_route: Reset path: low-latency-playback headphones
10-04 22:12:47.810   607   651 I audio_route: > audio_route_update_path + : "low-latency-playback headphones" reverse(1)
10-04 22:12:47.810   607   651 I audio_route: > audio_route_update_path + : path length = 1
10-04 22:12:47.812  1876  3163 D _V_DisplayPowerControllerImpl: mSettingBrightness = -1.0 as request 0.101960786
10-04 22:12:47.812   607   651 V audio_route: ctl(0)   : "PRI_MI2S_RX Audio Mixer MultiMedia5" value 0
10-04 22:12:47.812   607   651 D hardware_info: hw_info_append_hw_type : device_name = headphones
10-04 22:12:47.812   607   651 D audio_hw_primary: disable_snd_device: device 10:device_name:headphones:ref_cnt:0
10-04 22:12:47.812   607   651 D audio_hw_primary: disable_snd_device: snd_device(10: headphones)
10-04 22:12:47.812   607   651 V audio_route: Reset path: headphones
10-04 22:12:47.812   607   651 I audio_route: > audio_route_update_path + : "headphones" reverse(1)
10-04 22:12:47.812   607   651 I audio_route: > audio_route_update_path + : path length = 6
10-04 22:12:47.814   607   651 V audio_route: ctl(0)   : "HPHR" value "ZERO"
10-04 22:12:47.815   607   651 V audio_route: ctl(1)   : "HPHL" value "ZERO"
10-04 22:12:47.816   607   651 V audio_route: ctl(2)   : "RDAC2 MUX" value "ZERO"
10-04 22:12:47.817   607   651 V audio_route: ctl(3)   : "RX2 MIX1 INP1" value "ZERO"
10-04 22:12:47.818   607   651 V audio_route: ctl(4)   : "RX1 MIX1 INP1" value "ZERO"
10-04 22:12:47.820   607   651 V audio_route: ctl(5)   : "PRIM_MI2S_RX Channels" value "One"
10-04 22:12:47.823  1876  3163 D _V_DisplayPowerControllerImpl: mSettingBrightness = -1.0 as request 0.101960786
10-04 22:12:47.823  1876  2900 D _V_DisplayPowerControllerImpl: mSettingBrightness = -1.0 as request 0.101960786
10-04 22:12:48.048   607   651 D audio_hw_primary: adev_get_parameters:is_hw_dec_session_available
10-04 22:12:48.048   607   651 D audio_hw_extn: audio_extn_get_parameters: returns 
10-04 22:12:48.049   607   651 V msm8974_platform: platform_get_parameters: exit: returns - 
10-04 22:12:48.049   607   651 D vivo_audio_extn: vivo_audio_extn_get_parameters: returns 
10-04 22:12:48.128   607   651 D audio_hw_primary: adev_set_parameters: enter: PlaybackCaptureProtectSupport=com.facebook.orca
10-04 22:12:48.128   607   651 V voice   : voice_set_parameters: enter: PlaybackCaptureProtectSupport=com.facebook.orca
10-04 22:12:48.128   607   651 D voice   : voice_set_parameters: exit with code(0)
10-04 22:12:48.128   607   651 D msm8974_platform: platform_set_parameters: enter: PlaybackCaptureProtectSupport=com.facebook.orca
10-04 22:12:48.130   607   651 D audio_hw_primary: adev_get_parameters:APPSharePck
10-04 22:12:48.130   607   651 D audio_hw_extn: audio_extn_get_parameters: returns 
10-04 22:12:48.130   607   651 V msm8974_platform: platform_get_parameters: exit: returns - 
10-04 22:12:48.130   607   651 D vivo_audio_extn: vivo_audio_extn_get_parameters: returns 
10-04 22:12:48.134   607   651 D audio_hw_primary: adev_get_parameters:APPSharePck
10-04 22:12:48.134   607   651 D audio_hw_extn: audio_extn_get_parameters: returns 
10-04 22:12:48.134   607   651 V msm8974_platform: platform_get_parameters: exit: returns - 
10-04 22:12:48.134   607   651 D vivo_audio_extn: vivo_audio_extn_get_parameters: returns 
10-04 22:12:48.135   607  1485 D audio_hw_primary: adev_get_parameters:vr_audio_mode_on
10-04 22:12:48.179  1876  2443 D _V_DisplayPowerControllerImpl: mSettingBrightness = -1.0 as request 0.101960786
10-04 22:12:48.185   607   651 D audio_hw_primary: adev_create_audio_patch: enter: num sources 1, num_sinks 1, handle 1
10-04 22:12:48.185   607   651 D audio_hw_primary: adev_create_audio_patch: Playback patch from mix handle 13 to device 4
10-04 22:12:48.185   607   651 D audio_hw_primary: route_output_stream: enter: usecase(1: low-latency-playback) devices 4
10-04 22:12:48.192   607  4934 D audio_hw_primary: start_output_stream: enter: stream(0xf0418000)usecase(1: low-latency-playback) devices(0x4) is_haptic_usecase(0)
10-04 22:12:48.192   607  4934 D audio_hw_primary: select_devices for use case (low-latency-playback)
10-04 22:12:48.192   607  4934 D audio_hw_extn: audio_extn_get_anc_enabled: anc_enabled:0
10-04 22:12:48.192   607  4934 D audio_hw_primary: select_devices, usecase_flag:0, out_snd_device:10
10-04 22:12:48.192   607  4934 I msm8974_platform: platform_check_and_set_codec_backend_cfg:becf: afe: bitwidth 24, samplerate 48000 channels 2, backend_idx 3 usecase = 1 device (headphones)
10-04 22:12:48.192   607  4934 I msm8974_platform: platform_check_and_set_codec_backend_cfg: new_snd_devices[0] is 10
10-04 22:12:48.192   607  4934 I msm8974_platform: platform_check_codec_backend_cfg:becf: afe: bitwidth 24, samplerate 48000 channels 2, backend_idx 3 usecase = 1 device (headphones)
10-04 22:12:48.192   607  4934 D msm8974_platform: platform_check_codec_backend_cfg:becf: afe: napb not active - set non fractional rate
10-04 22:12:48.193   607  4934 E audio_hw_extn: audio_extn_enable_hifi_filter: Could not get ctl for mixer cmd - HiFi Filter, using default control
10-04 22:12:48.193   607  4934 D msm8974_platform: platform_check_codec_backend_cfg:becf: updated afe: bitwidth 24, samplerate 48000 channels 2,backend_idx 3 usecase = 1 device (headphones)
10-04 22:12:48.193   607  4934 I msm8974_platform: platform_check_codec_backend_cfg:becf: afe: Codec selected backend: 3 updated bit width: 24 and sample rate: 48000
10-04 22:12:48.193   607  4934 I msm8974_platform: platform_check_codec_backend_cfg:becf: afe: Codec backend needs to be updated. new bit width: 24new sample rate: 48000 new channels: 2
10-04 22:12:48.193   607  4934 I msm8974_platform: platform_check_codec_backend_cfg: apply HPH HQ mode
10-04 22:12:48.193   607  4934 I audio_route: > audio_route_apply_path : "hph-highquality-mode"
10-04 22:12:48.193   607  4934 E audio_route: unable to find path 'hph-highquality-mode'
10-04 22:12:48.193   607  4934 I msm8974_platform: platform_set_codec_backend_cfg:becf: afe: bitwidth 24, samplerate 48000 channels 2 format 3, backend_idx 3 device (headphones)
10-04 22:12:48.194   607  4934 E msm8974_platform: platform_set_codec_backend_cfg:becf: afe: Could not get ctl for mixer command - INT0_MI2S_RX Format
10-04 22:12:48.194   607  4934 D audio_hw_primary: check_usecases_codec_backend:becf: force routing 0
10-04 22:12:48.194   607  4934 E msm8974_platform: platform_check_backends_match: Invalid snd_device = 
10-04 22:12:48.194   607  4934 D audio_hw_primary: check_usecases_codec_backend:becf: (89) check_usecases curr device: headphones, usecase device: backends match 0
10-04 22:12:48.194   607  4934 D audio_hw_primary: check_usecases_codec_backend:becf: check_usecases num.of Usecases to switch 0
10-04 22:12:48.194   607  4934 D hardware_info: hw_info_append_hw_type : device_name = headphones
10-04 22:12:48.194   607  4934 D audio_hw_primary: enable_snd_device: device 10:device_name:headphones:ref_cnt:1
10-04 22:12:48.194   607  4934 D audio_hw_primary: enable_snd_device: snd_device(10: headphones)
10-04 22:12:48.194   607  4934 D msm8974_platform: platform_get_island_cfg_on_device:island cfg status on snd_device = (headphones 0)
10-04 22:12:48.194   607  4934 I audio_route: > audio_route_apply_path : "headphones"
10-04 22:12:48.194   607  4934 D audio_route: Apply path: headphones
10-04 22:12:48.194   607  4934 I audio_route: > audio_route_update_path + : "headphones" reverse(0)
10-04 22:12:48.194   607  4934 I audio_route: > audio_route_update_path + : path length = 6
10-04 22:12:48.196   607  4934 V audio_route: ctl(0)   : "PRIM_MI2S_RX Channels" value "Two"
10-04 22:12:48.198   607  4934 V audio_route: ctl(1)   : "RX1 MIX1 INP1" value "RX1"
10-04 22:12:48.200   607  4934 V audio_route: ctl(2)   : "RX2 MIX1 INP1" value "RX2"
10-04 22:12:48.202   607  4934 V audio_route: ctl(3)   : "RDAC2 MUX" value "RX2"
10-04 22:12:48.204   607  4934 V audio_route: ctl(4)   : "HPHL" value "Switch"
10-04 22:12:48.208   607  4934 V audio_route: ctl(5)   : "HPHR" value "Switch"
10-04 22:12:48.208   607  4934 D audio_hw_primary: select_devices: adev->active_input->snd_device=0 (0x0)
10-04 22:12:48.208   607  4934 D audio_hw_primary: enable_audio_route: enter: usecase(1)
10-04 22:12:48.208   607  4934 D audio_hw_utils: audio_extn_utils_send_app_type_cfg: usecase->out_snd_device headphones
10-04 22:12:48.208   607  4934 D audio_hw_utils: send_app_type_cfg_for_device: usecase->id 1 usecase->out_snd_device headphones, usecase->in_snd_device , split_snd_device headphones
10-04 22:12:48.208   607  4934 I audio_hw_utils: send_app_type_cfg_for_device PLAYBACK app_type 69937, acdb_dev_id 10, sample_rate 48000, snd_device_be_idx 43
10-04 22:12:48.210   607  4934 D ACDB-LOADER: ACDB -> send_audio_cal, acdb_id = 10, path = 0, app id = 0x11131, sample rate = 48000, afe_sample_rate = 48000
10-04 22:12:48.210   607  4934 D ACDB-LOADER: ACDB -> send_asm_topology
10-04 22:12:48.210   607  4934 D ACDB-LOADER: ACDB -> ACDB_CMD_GET_AUDPROC_STREAM_TOPOLOGY_ID
10-04 22:12:48.210   607  4934 D ACDB-LOADER: ACDB -> send_adm_topology
10-04 22:12:48.210   607  4934 D ACDB-LOADER: ACDB -> ACDB_CMD_GET_AUDPROC_COMMON_TOPOLOGY_ID
10-04 22:12:48.210   607  4934 D ACDB-LOADER: ACDB -> send_audtable
10-04 22:12:48.210   607  4934 D ACDB-LOADER: ACDB -> ACDB_CMD_GET_AUDPROC_COMMON_TABLE_SIZE
10-04 22:12:48.210   607  4934 D ACDB-LOADER: ACDB -> ACDB_CMD_GET_AUDPROC_COMMON_TABLE
10-04 22:12:48.210   607  4934 D ACDB-LOADER: ACDB -> AUDIO_SET_AUDPROC_CAL cal_type[11] acdb_id[10] app_type[69937]
10-04 22:12:48.210   607  4934 D ACDB-LOADER: ACDB -> send_audvoltable
10-04 22:12:48.210   607  4934 D ACDB-LOADER: ACDB -> ACDB_CMD_GET_AUDPROC_GAIN_DEP_STEP_TABLE_SIZE
10-04 22:12:48.210   607  4934 D android.hardware.audio.service: Failed to fetch the lookup information of the device 0000000A 
10-04 22:12:48.210   607  4934 D ACDB-LOADER: Error: ACDB_CMD_GET_AUDPROC_GAIN_DEP_STEP_TABLE_SIZE Returned = -19
10-04 22:12:48.210   607  4934 D ACDB-LOADER: ACDB -> ACDB_CMD_GET_AUDPROC_GAIN_DEP_STEP_TABLE, vol index 0
10-04 22:12:48.210   607  4934 D android.hardware.audio.service: Failed to fetch the lookup information of the device 0000000A 
10-04 22:12:48.210   607  4934 D ACDB-LOADER: Error: ACDB AudProc vol returned = -19
10-04 22:12:48.210   607  4934 D ACDB-LOADER: ACDB -> AUDIO_SET_VOL_CAL cal type = 12
10-04 22:12:48.210   607  4934 D ACDB-LOADER: ACDB -> ACDB_CMD_GET_AUDPROC_STREAM_TABLE_SIZE
10-04 22:12:48.210   607  4934 D ACDB-LOADER: ACDB -> send_audstrmtable
10-04 22:12:48.210   607  4934 D ACDB-LOADER: ACDB -> ACDB_CMD_GET_AUDPROC_STREAM_TABLE_V2
10-04 22:12:48.210   607  4934 D ACDB-LOADER: ACDB -> audstrm_cal->cal_type.cal_data.cal_size = 16
10-04 22:12:48.210   607  4934 D ACDB-LOADER: ACDB -> send_afe_topology
10-04 22:12:48.210   607  4934 D ACDB-LOADER: ACDB -> ACDB_CMD_GET_AFE_TOPOLOGY_ID
10-04 22:12:48.210   607  4934 D ACDB-LOADER: ACDB -> GET_AFE_TOPOLOGY_ID for adcd_id 10, Topology Id 112fc
10-04 22:12:48.210   607  4934 D ACDB-LOADER: ACDB -> send_afe_cal
10-04 22:12:48.210   607  4934 D ACDB-LOADER: ACDB -> ACDB_CMD_GET_AFE_COMMON_TABLE_SIZE
10-04 22:12:48.210   607  4934 D android.hardware.audio.service: Failed to fetch the lookup information of the device 0000000A 
10-04 22:12:48.210   607  4934 D ACDB-LOADER: Error: ACDB_CMD_GET_AFE_COMMON_TABLE_SIZE Returned = -19
10-04 22:12:48.210   607  4934 D ACDB-LOADER: ACDB -> ACDB_CMD_GET_AFE_COMMON_TABLE
10-04 22:12:48.210   607  4934 D android.hardware.audio.service: Failed to fetch the lookup information of the device 0000000A 
10-04 22:12:48.210   607  4934 D ACDB-LOADER: Error: ACDB AFE returned = -19
10-04 22:12:48.210   607  4934 D ACDB-LOADER: ACDB -> AUDIO_SET_AFE_CAL cal_type[16] acdb_id[10]
10-04 22:12:48.210   607  4934 D ACDB-LOADER: ACDB -> send_hw_delay : acdb_id = 10 path = 0
10-04 22:12:48.210   607  4934 D ACDB-LOADER: ACDB -> ACDB_AVSYNC_INFO: ACDB_CMD_GET_DEVICE_PROPERTY
10-04 22:12:48.210   607  4934 D audio_hw_primary: enable_audio_route: apply mixer and update path: low-latency-playback headphones
10-04 22:12:48.211   607  4934 I audio_route: > audio_route_apply_path : "low-latency-playback headphones"
10-04 22:12:48.211   607  4934 D audio_route: Apply path: low-latency-playback headphones
10-04 22:12:48.211   607  4934 I audio_route: > audio_route_update_path + : "low-latency-playback headphones" reverse(0)
10-04 22:12:48.211   607  4934 I audio_route: > audio_route_update_path + : path length = 1
10-04 22:12:48.212   607  4934 V audio_route: ctl(0)   : "PRI_MI2S_RX Audio Mixer MultiMedia5" value 1
10-04 22:12:48.212   607  4934 D audio_hw_primary: enable_audio_route: exit
10-04 22:12:48.212   607  4934 D audio_hw_primary: start_output_stream: Opening PCM device card_id(0) device_id(12) format(0x3),config.rate:48000,bit_width:24
10-04 22:12:48.285   607  4934 D msm8974_platform: platform_set_channel_map mixer_ctl_name:Playback Channel Map12
10-04 22:12:48.286   607  4934 D msm8974_platform: platform_set_channel_map: set mapping(1 2 0 0 0 0 0 0) for channel:2
10-04 22:12:48.287   607  4934 D audio_hw_primary: start_output_stream: exit
10-04 22:12:48.451   607   651 D audio_hw_primary: adev_get_parameters:is_hw_dec_session_available
10-04 22:12:48.452   607   651 D audio_hw_extn: audio_extn_get_parameters: returns 
10-04 22:12:48.452   607   651 V msm8974_platform: platform_get_parameters: exit: returns - 
10-04 22:12:48.452   607   651 D vivo_audio_extn: vivo_audio_extn_get_parameters: returns 
10-04 22:12:48.564   607   651 D audio_hw_primary: adev_set_parameters: enter: PlaybackCaptureProtectSupport=com.facebook.orca
10-04 22:12:48.565   607   651 V voice   : voice_set_parameters: enter: PlaybackCaptureProtectSupport=com.facebook.orca
10-04 22:12:48.565   607   651 D voice   : voice_set_parameters: exit with code(0)
10-04 22:12:48.565   607   651 D msm8974_platform: platform_set_parameters: enter: PlaybackCaptureProtectSupport=com.facebook.orca
10-04 22:12:48.567   607 12024 D audio_hw_primary: adev_get_parameters:APPSharePck
10-04 22:12:48.567   607 12024 D audio_hw_extn: audio_extn_get_parameters: returns 
10-04 22:12:48.567   607 12024 V msm8974_platform: platform_get_parameters: exit: returns - 
10-04 22:12:48.567   607 12024 D vivo_audio_extn: vivo_audio_extn_get_parameters: returns 
10-04 22:12:48.570   607 12024 D audio_hw_primary: adev_get_parameters:APPSharePck
10-04 22:12:48.570   607 12024 D audio_hw_extn: audio_extn_get_parameters: returns 
10-04 22:12:48.570   607 12024 V msm8974_platform: platform_get_parameters: exit: returns - 
10-04 22:12:48.570   607 12024 D vivo_audio_extn: vivo_audio_extn_get_parameters: returns 
10-04 22:12:48.571   607   651 D audio_hw_primary: adev_get_parameters:vr_audio_mode_on
10-04 22:12:48.595   674  4167 D _V_FeatureService_Native: nofityFeatureChanged, event:207, dataSize:8, param2:0x7c12607670
10-04 22:12:48.595   674  4167 V _V_FeatureManager: notifyFeatureChanged, event:207, size:8, param2:0x7c12607670
10-04 22:12:48.595   674  4167 D _V_FeatureService_Native: nofityFeatureChanged, event:206, dataSize:12, param2:0x7c12607750
10-04 22:12:48.595   674  4167 V _V_FeatureManager: notifyFeatureChanged, event:206, size:12, param2:0x7c12607750
10-04 22:12:48.595   674  4167 D _V_FeatureService_Native: nofityFeatureChanged, event:208, dataSize:12, param2:0x7c12607750
10-04 22:12:48.596   674  4167 V _V_FeatureManager: notifyFeatureChanged, event:208, size:12, param2:0x7c12607750
10-04 22:12:48.596   674  4167 D _V_FeatureService_Native: nofityFeatureChanged, event:213, dataSize:12, param2:0x7c12607750
10-04 22:12:48.609  1876  2010 D _V_DisplayPowerControllerImpl: mSettingBrightness = -1.0 as request 0.101960786
10-04 22:12:48.632   674  4167 D _V_FeatureService_Native: nofityFeatureChanged, event:208, dataSize:12, param2:0x7c126077b8
10-04 22:12:48.632   674  4167 V _V_FeatureManager: notifyFeatureChanged, event:208, size:12, param2:0x7c126077b8
10-04 22:12:48.710  1876  2010 D _V_DisplayPowerControllerImpl: mSettingBrightness = -1.0 as request 0.101960786
10-04 22:12:48.777  1876  2010 D _V_DisplayPowerControllerImpl: mSettingBrightness = -1.0 as request 0.101960786
10-04 22:12:49.410  1876  2010 D _V_DisplayPowerControllerImpl: mSettingBrightness = -1.0 as request 0.101960786
10-04 22:12:49.570   607   651 D audio_hw_primary: adev_get_parameters:AppSharePck
10-04 22:12:49.570   607   651 D audio_hw_extn: audio_extn_get_parameters: returns 
10-04 22:12:49.570   607   651 V msm8974_platform: platform_get_parameters: exit: returns - 
10-04 22:12:49.570   607   651 D vivo_audio_extn: vivo_audio_extn_get_parameters: returns 
10-04 22:12:49.571   607   651 D audio_hw_primary: adev_get_parameters:AppSharePck
10-04 22:12:49.572   607   651 D audio_hw_extn: audio_extn_get_parameters: returns 
10-04 22:12:49.572   607   651 V msm8974_platform: platform_get_parameters: exit: returns - 
10-04 22:12:49.572   607   651 D vivo_audio_extn: vivo_audio_extn_get_parameters: returns 
10-04 22:12:49.573   607   651 D audio_hw_primary: adev_get_parameters:APPSharePck
10-04 22:12:49.573   607   651 D audio_hw_extn: audio_extn_get_parameters: returns 
10-04 22:12:49.573   607   651 V msm8974_platform: platform_get_parameters: exit: returns - 
10-04 22:12:49.573   607   651 D vivo_audio_extn: vivo_audio_extn_get_parameters: returns 
10-04 22:12:49.673  1876  3170 D _V_DisplayPowerControllerImpl: mSettingBrightness = -1.0 as request 0.101960786
10-04 22:12:49.706   607 12024 D audio_hw_primary: adev_set_mode: mode 3 , prev_mode 0 
10-04 22:12:49.725   607 12024 D audio_hw_primary: adev_set_parameters: enter: stream_volume=0.000000
10-04 22:12:49.725   607 12024 V voice   : voice_set_parameters: enter: stream_volume=0.000000
10-04 22:12:49.725   607 12024 D voice   : voice_set_parameters: exit with code(0)
10-04 22:12:49.725   607 12024 D msm8974_platform: platform_set_parameters: enter: stream_volume=0.000000
10-04 22:12:49.754  1876  2306 D _V_DisplayPowerControllerImpl: mSettingBrightness = -1.0 as request 0.101960786
10-04 22:12:49.778  1876  2306 D _V_DisplayPowerControllerImpl: mSettingBrightness = -1.0 as request 0.101960786
10-04 22:12:49.779  1876  4911 D _V_DisplayPowerControllerImpl: mSettingBrightness = -1.0 as request 0.101960786
10-04 22:12:49.806  1876  2899 D _V_DisplayPowerControllerImpl: mSettingBrightness = -1.0 as request 0.101960786
10-04 22:12:49.835   607   651 D audio_hw_primary: adev_create_audio_patch: enter: num sources 1, num_sinks 1, handle 1
10-04 22:12:49.835   607   651 D audio_hw_primary: adev_create_audio_patch: Playback patch from mix handle 13 to device 4
10-04 22:12:49.835   607   651 D audio_hw_primary: route_output_stream: enter: usecase(1: low-latency-playback) devices 4
10-04 22:12:49.836   607   651 D audio_hw_primary: select_devices for use case (low-latency-playback)
10-04 22:12:49.836   607   651 D audio_hw_extn: audio_extn_get_anc_enabled: anc_enabled:0
10-04 22:12:49.836   607   651 D audio_hw_primary: select_devices, usecase_flag:0, out_snd_device:10
10-04 22:12:49.840   607   651 D audio_hw_primary: out_standby: enter: stream (0xf0418000) usecase(1: low-latency-playback)
10-04 22:12:49.846  1876  1876 D _V_DisplayPowerControllerImpl: mSettingBrightness = -1.0 as request 0.101960786
10-04 22:12:49.959   607   651 D audio_hw_primary: disable_audio_route: reset and update mixer path: low-latency-playback headphones
10-04 22:12:49.960   607   651 V audio_route: Reset path: low-latency-playback headphones
10-04 22:12:49.960   607   651 I audio_route: > audio_route_update_path + : "low-latency-playback headphones" reverse(1)
10-04 22:12:49.960   607   651 I audio_route: > audio_route_update_path + : path length = 1
10-04 22:12:49.961   607   651 V audio_route: ctl(0)   : "PRI_MI2S_RX Audio Mixer MultiMedia5" value 0
10-04 22:12:49.962   607   651 D hardware_info: hw_info_append_hw_type : device_name = headphones
10-04 22:12:49.962   607   651 D audio_hw_primary: disable_snd_device: device 10:device_name:headphones:ref_cnt:0
10-04 22:12:49.962   607   651 D audio_hw_primary: disable_snd_device: snd_device(10: headphones)
10-04 22:12:49.962   607   651 V audio_route: Reset path: headphones
10-04 22:12:49.962   607   651 I audio_route: > audio_route_update_path + : "headphones" reverse(1)
10-04 22:12:49.962   607   651 I audio_route: > audio_route_update_path + : path length = 6
10-04 22:12:49.963   607   651 V audio_route: ctl(0)   : "HPHR" value "ZERO"
10-04 22:12:49.965   607   651 V audio_route: ctl(1)   : "HPHL" value "ZERO"
10-04 22:12:49.966   607   651 V audio_route: ctl(2)   : "RDAC2 MUX" value "ZERO"
10-04 22:12:49.970   607   651 V audio_route: ctl(3)   : "RX2 MIX1 INP1" value "ZERO"
10-04 22:12:49.971   607   651 V audio_route: ctl(4)   : "RX1 MIX1 INP1" value "ZERO"
10-04 22:12:49.974   607   651 V audio_route: ctl(5)   : "PRIM_MI2S_RX Channels" value "One"
10-04 22:12:49.977  1876  3178 D _V_DisplayPowerControllerImpl: mSettingBrightness = -1.0 as request 0.101960786
10-04 22:12:50.007   607   651 D audio_hw_primary: adev_create_audio_patch: enter: num sources 1, num_sinks 1, handle 1
10-04 22:12:50.007   607   651 D audio_hw_primary: adev_create_audio_patch: Playback patch from mix handle 13 to device 4
10-04 22:12:50.007   607   651 D audio_hw_primary: route_output_stream: enter: usecase(1: low-latency-playback) devices 4
10-04 22:12:50.007  1876  2443 D _V_DisplayPowerControllerImpl: mSettingBrightness = -1.0 as request 0.101960786
10-04 22:12:50.316  1876  1876 D _V_DisplayPowerControllerImpl: mSettingBrightness = -1.0 as request 0.101960786
10-04 22:12:50.333  1876  2314 D _V_DisplayPowerControllerImpl: mSettingBrightness = -1.0 as request 0.101960786
10-04 22:12:50.337  1876  2314 D _V_DisplayPowerControllerImpl: mSettingBrightness = -1.0 as request 0.101960786
10-04 22:12:50.407  1876  2443 D _V_DisplayPowerControllerImpl: mSettingBrightness = -1.0 as request 0.101960786
10-04 22:12:50.589  1876  1876 D _V_DisplayPowerControllerImpl: mSettingBrightness = -1.0 as request 0.101960786
10-04 22:12:50.590  1876  2314 D _V_DisplayPowerControllerImpl: mSettingBrightness = -1.0 as request 0.101960786
10-04 22:12:50.607   674  2082 D _V_FeatureService_Native: FeatureService setStreamVolumeDeltaIndex index:0
10-04 22:12:50.619  1876  2314 D _V_DisplayPowerControllerImpl: mSettingBrightness = -1.0 as request 0.101960786
10-04 22:12:50.654  1876  2314 D _V_DisplayPowerControllerImpl: mSettingBrightness = -1.0 as request 0.101960786
10-04 22:12:50.671  1876  2314 D _V_DisplayPowerControllerImpl: mSettingBrightness = -1.0 as request 0.101960786
10-04 22:12:50.771  1876  5167 D _V_DisplayPowerControllerImpl: mSettingBrightness = -1.0 as request 0.101960786
10-04 22:12:50.776  1876  3177 D _V_DisplayPowerControllerImpl: mSettingBrightness = -1.0 as request 0.101960786
10-04 22:12:50.781  1876  2916 D _V_DisplayPowerControllerImpl: mSettingBrightness = -1.0 as request 0.101960786
10-04 22:12:50.787  1876  3177 D _V_DisplayPowerControllerImpl: mSettingBrightness = -1.0 as request 0.101960786
10-04 22:12:50.800  1876  2899 D _V_DisplayPowerControllerImpl: mSettingBrightness = -1.0 as request 0.101960786
10-04 22:12:50.802  1876  2899 D _V_DisplayPowerControllerImpl: mSettingBrightness = -1.0 as request 0.101960786
10-04 22:12:50.808  1876  2916 D _V_DisplayPowerControllerImpl: mSettingBrightness = -1.0 as request 0.101960786
10-04 22:12:50.819  1876  4910 D _V_DisplayPowerControllerImpl: mSettingBrightness = -1.0 as request 0.101960786
10-04 22:12:50.836  1876  3150 D _V_DisplayPowerControllerImpl: mSettingBrightness = -1.0 as request 0.101960786
10-04 22:12:50.902  1876  3177 D _V_DisplayPowerControllerImpl: mSettingBrightness = -1.0 as request 0.101960786
10-04 22:12:50.911  1876  3150 D _V_DisplayPowerControllerImpl: mSettingBrightness = -1.0 as request 0.101960786
10-04 22:12:50.978  1876  4910 D _V_DisplayPowerControllerImpl: mSettingBrightness = -1.0 as request 0.101960786
10-04 22:12:50.999  1876  2314 D _V_DisplayPowerControllerImpl: mSettingBrightness = -1.0 as request 0.101960786
10-04 22:12:51.015  1876  2443 D _V_DisplayPowerControllerImpl: mSettingBrightness = -1.0 as request 0.101960786
10-04 22:12:51.016  1876  1876 D _V_DisplayPowerControllerImpl: mSettingBrightness = -1.0 as request 0.101960786
10-04 22:12:51.043  1876  2314 D _V_DisplayPowerControllerImpl: mSettingBrightness = -1.0 as request 0.101960786
10-04 22:12:51.059  1876  2314 D _V_DisplayPowerControllerImpl: mSettingBrightness = -1.0 as request 0.101960786
10-04 22:12:51.067  1876  2443 D _V_DisplayPowerControllerImpl: mSettingBrightness = -1.0 as request 0.101960786
10-04 22:12:51.096  1876  3163 D _V_DisplayPowerControllerImpl: mSettingBrightness = -1.0 as request 0.101960786
10-04 22:12:51.105  1876  3163 D _V_DisplayPowerControllerImpl: mSettingBrightness = -1.0 as request 0.101960786
10-04 22:12:51.108  1876  1914 D _V_DisplayPowerControllerImpl: mSettingBrightness = -1.0 as request 0.101960786
10-04 22:12:51.141  1876  1876 D _V_DisplayPowerControllerImpl: mSettingBrightness = -1.0 as request 0.101960786
10-04 22:12:51.148  1876  2314 D _V_DisplayPowerControllerImpl: mSettingBrightness = -1.0 as request 0.101960786
10-04 22:12:51.211  1876  2314 D _V_DisplayPowerControllerImpl: mSettingBrightness = -1.0 as request 0.101960786
10-04 22:12:51.245  1876  2314 D _V_DisplayPowerControllerImpl: mSettingBrightness = -1.0 as request 0.101960786
10-04 22:12:51.248  1876  2314 D _V_DisplayPowerControllerImpl: mSettingBrightness = -1.0 as request 0.101960786
10-04 22:12:51.280  1876  5167 D _V_DisplayPowerControllerImpl: mSettingBrightness = -1.0 as request 0.101960786
10-04 22:12:51.291  1876  4910 D _V_DisplayPowerControllerImpl: mSettingBrightness = -1.0 as request 0.101960786
10-04 22:12:51.327  1876  2443 D _V_DisplayPowerControllerImpl: mSettingBrightness = -1.0 as request 0.101960786
10-04 22:12:51.330  1876  2314 D _V_DisplayPowerControllerImpl: mSettingBrightness = -1.0 as request 0.101960786
10-04 22:12:51.334  1876  1876 D _V_DisplayPowerControllerImpl: mSettingBrightness = -1.0 as request 0.101960786
10-04 22:12:51.348  1876  2314 D _V_DisplayPowerControllerImpl: mSettingBrightness = -1.0 as request 0.101960786
10-04 22:12:51.399  1876  2314 D _V_DisplayPowerControllerImpl: mSettingBrightness = -1.0 as request 0.101960786
10-04 22:12:51.414  1876  1876 D _V_DisplayPowerControllerImpl: mSettingBrightness = -1.0 as request 0.101960786
10-04 22:12:51.415  1876  2314 D _V_DisplayPowerControllerImpl: mSettingBrightness = -1.0 as request 0.101960786
10-04 22:12:51.470  1876  2314 D _V_DisplayPowerControllerImpl: mSettingBrightness = -1.0 as request 0.101960786
10-04 22:12:51.473  1876  1876 D _V_DisplayPowerControllerImpl: mSettingBrightness = -1.0 as request 0.101960786
10-04 22:12:51.483  1876  2314 D _V_DisplayPowerControllerImpl: mSettingBrightness = -1.0 as request 0.101960786
10-04 22:12:51.509  1876  2314 D _V_DisplayPowerControllerImpl: mSettingBrightness = -1.0 as request 0.101960786
10-04 22:12:51.509  1876  1876 D _V_DisplayPowerControllerImpl: mSettingBrightness = -1.0 as request 0.101960786
10-04 22:12:51.510  1876  2314 D _V_DisplayPowerControllerImpl: mSettingBrightness = -1.0 as request 0.101960786
10-04 22:12:51.523  1876  2314 D _V_DisplayPowerControllerImpl: mSettingBrightness = -1.0 as request 0.101960786
10-04 22:12:51.557  1876  2314 D _V_DisplayPowerControllerImpl: mSettingBrightness = -1.0 as request 0.101960786
10-04 22:12:51.561  1876  1876 D _V_DisplayPowerControllerImpl: mSettingBrightness = -1.0 as request 0.101960786
10-04 22:12:51.588  1876  2314 D _V_DisplayPowerControllerImpl: mSettingBrightness = -1.0 as request 0.101960786
10-04 22:12:51.595  1876  2314 D _V_DisplayPowerControllerImpl: mSettingBrightness = -1.0 as request 0.101960786
10-04 22:12:51.602  1876  1876 D _V_DisplayPowerControllerImpl: mSettingBrightness = -1.0 as request 0.101960786
10-04 22:12:51.604  1876  2314 D _V_DisplayPowerControllerImpl: mSettingBrightness = -1.0 as request 0.101960786
10-04 22:12:51.660  1876  2314 D _V_DisplayPowerControllerImpl: mSettingBrightness = -1.0 as request 0.101960786
10-04 22:12:51.662  1876  1876 D _V_DisplayPowerControllerImpl: mSettingBrightness = -1.0 as request 0.101960786
10-04 22:12:51.668  1876  2314 D _V_DisplayPowerControllerImpl: mSettingBrightness = -1.0 as request 0.101960786
10-04 22:12:51.679  1876  2314 D _V_DisplayPowerControllerImpl: mSettingBrightness = -1.0 as request 0.101960786
10-04 22:12:51.687  1876  1876 D _V_DisplayPowerControllerImpl: mSettingBrightness = -1.0 as request 0.101960786
10-04 22:12:51.688  1876  2314 D _V_DisplayPowerControllerImpl: mSettingBrightness = -1.0 as request 0.101960786
10-04 22:12:51.691  1876  2314 D _V_DisplayPowerControllerImpl: mSettingBrightness = -1.0 as request 0.101960786
10-04 22:12:51.703  1876  2314 D _V_DisplayPowerControllerImpl: mSettingBrightness = -1.0 as request 0.101960786
10-04 22:12:51.705  1876  2314 D _V_DisplayPowerControllerImpl: mSettingBrightness = -1.0 as request 0.101960786
10-04 22:12:51.711  1876  4910 D _V_DisplayPowerControllerImpl: mSettingBrightness = -1.0 as request 0.101960786
10-04 22:12:51.749   607   651 D audio_hw_primary: adev_set_parameters: enter: stream_volume=0.100001
10-04 22:12:51.749   607   651 V voice   : voice_set_parameters: enter: stream_volume=0.100001
10-04 22:12:51.749   607   651 D voice   : voice_set_parameters: exit with code(0)
10-04 22:12:51.749   607   651 D msm8974_platform: platform_set_parameters: enter: stream_volume=0.100001
10-04 22:12:51.749  1876  2899 D _V_DisplayPowerControllerImpl: mSettingBrightness = -1.0 as request 0.101960786
10-04 22:12:51.759  1876  2899 D _V_DisplayPowerControllerImpl: mSettingBrightness = -1.0 as request 0.101960786
10-04 22:12:51.770  1876  3150 D _V_DisplayPowerControllerImpl: mSettingBrightness = -1.0 as request 0.101960786
10-04 22:12:51.787  1876  2314 D _V_DisplayPowerControllerImpl: mSettingBrightness = -1.0 as request 0.101960786
10-04 22:12:51.791  1876  5167 D _V_DisplayPowerControllerImpl: mSettingBrightness = -1.0 as request 0.101960786
10-04 22:12:51.792  1876  1876 D _V_DisplayPowerControllerImpl: mSettingBrightness = -1.0 as request 0.101960786
10-04 22:12:51.803  1876  2443 D _V_DisplayPowerControllerImpl: mSettingBrightness = -1.0 as request 0.101960786
10-04 22:12:51.814  1876  2314 D _V_DisplayPowerControllerImpl: mSettingBrightness = -1.0 as request 0.101960786
10-04 22:12:51.915  1876  1876 D _V_DisplayPowerControllerImpl: mSettingBrightness = -1.0 as request 0.101960786
10-04 22:12:51.919  1876  2314 D _V_DisplayPowerControllerImpl: mSettingBrightness = -1.0 as request 0.101960786
10-04 22:12:52.009  1876  3177 D _V_DisplayPowerControllerImpl: mSettingBrightness = -1.0 as request 0.101960786
10-04 22:12:52.207   607   651 D audio_hw_primary: adev_get_parameters:is_hw_dec_session_available
10-04 22:12:52.208   607   651 D audio_hw_extn: audio_extn_get_parameters: returns 
10-04 22:12:52.208   607   651 V msm8974_platform: platform_get_parameters: exit: returns - 
10-04 22:12:52.208   607   651 D vivo_audio_extn: vivo_audio_extn_get_parameters: returns 
10-04 22:12:52.315   607   651 D audio_hw_primary: adev_set_parameters: enter: PlaybackCaptureProtectSupport=com.facebook.orca
10-04 22:12:52.315   607   651 V voice   : voice_set_parameters: enter: PlaybackCaptureProtectSupport=com.facebook.orca
10-04 22:12:52.315   607   651 D voice   : voice_set_parameters: exit with code(0)
10-04 22:12:52.315   607   651 D msm8974_platform: platform_set_parameters: enter: PlaybackCaptureProtectSupport=com.facebook.orca
10-04 22:12:52.318   607 12024 D audio_hw_primary: adev_get_parameters:APPSharePck
10-04 22:12:52.318   607 12024 D audio_hw_extn: audio_extn_get_parameters: returns 
10-04 22:12:52.318   607 12024 V msm8974_platform: platform_get_parameters: exit: returns - 
10-04 22:12:52.318   607 12024 D vivo_audio_extn: vivo_audio_extn_get_parameters: returns 
10-04 22:12:52.325   607 12024 D audio_hw_primary: adev_get_parameters:APPSharePck
10-04 22:12:52.325   607 12024 D audio_hw_extn: audio_extn_get_parameters: returns 
10-04 22:12:52.325   607 12024 V msm8974_platform: platform_get_parameters: exit: returns - 
10-04 22:12:52.325   607 12024 D vivo_audio_extn: vivo_audio_extn_get_parameters: returns 
10-04 22:12:52.327   607 12024 D audio_hw_primary: adev_get_parameters:vr_audio_mode_on
10-04 22:12:52.372   607   651 D audio_hw_primary: adev_create_audio_patch: enter: num sources 1, num_sinks 1, handle 1
10-04 22:12:52.372   607   651 D audio_hw_primary: adev_create_audio_patch: Playback patch from mix handle 13 to device 4
10-04 22:12:52.372   607   651 D audio_hw_primary: route_output_stream: enter: usecase(1: low-latency-playback) devices 4
10-04 22:12:52.384   607  4934 D audio_hw_primary: start_output_stream: enter: stream(0xf0418000)usecase(1: low-latency-playback) devices(0x4) is_haptic_usecase(0)
10-04 22:12:52.385   607  4934 D audio_hw_primary: select_devices for use case (low-latency-playback)
10-04 22:12:52.385   607  4934 D audio_hw_extn: audio_extn_get_anc_enabled: anc_enabled:0
10-04 22:12:52.385   607  4934 D audio_hw_primary: select_devices, usecase_flag:0, out_snd_device:10
10-04 22:12:52.385   607  4934 I msm8974_platform: platform_check_and_set_codec_backend_cfg:becf: afe: bitwidth 24, samplerate 48000 channels 2, backend_idx 3 usecase = 1 device (headphones)
10-04 22:12:52.385   607  4934 I msm8974_platform: platform_check_and_set_codec_backend_cfg: new_snd_devices[0] is 10
10-04 22:12:52.385   607  4934 I msm8974_platform: platform_check_codec_backend_cfg:becf: afe: bitwidth 24, samplerate 48000 channels 2, backend_idx 3 usecase = 1 device (headphones)
10-04 22:12:52.385   607  4934 D msm8974_platform: platform_check_codec_backend_cfg:becf: afe: napb not active - set non fractional rate
10-04 22:12:52.385   607  4934 E audio_hw_extn: audio_extn_enable_hifi_filter: Could not get ctl for mixer cmd - HiFi Filter, using default control
10-04 22:12:52.385   607  4934 D msm8974_platform: platform_check_codec_backend_cfg:becf: updated afe: bitwidth 24, samplerate 48000 channels 2,backend_idx 3 usecase = 1 device (headphones)
10-04 22:12:52.385   607  4934 I msm8974_platform: platform_check_codec_backend_cfg:becf: afe: Codec selected backend: 3 updated bit width: 24 and sample rate: 48000
10-04 22:12:52.385   607  4934 I msm8974_platform: platform_check_codec_backend_cfg:becf: afe: Codec backend needs to be updated. new bit width: 24new sample rate: 48000 new channels: 2
10-04 22:12:52.385   607  4934 I msm8974_platform: platform_check_codec_backend_cfg: apply HPH HQ mode
10-04 22:12:52.385   607  4934 I audio_route: > audio_route_apply_path : "hph-highquality-mode"
10-04 22:12:52.386   607  4934 E audio_route: unable to find path 'hph-highquality-mode'
10-04 22:12:52.386   607  4934 I msm8974_platform: platform_set_codec_backend_cfg:becf: afe: bitwidth 24, samplerate 48000 channels 2 format 3, backend_idx 3 device (headphones)
10-04 22:12:52.386   607  4934 E msm8974_platform: platform_set_codec_backend_cfg:becf: afe: Could not get ctl for mixer command - INT0_MI2S_RX Format
10-04 22:12:52.386   607  4934 D audio_hw_primary: check_usecases_codec_backend:becf: force routing 0
10-04 22:12:52.386   607  4934 E msm8974_platform: platform_check_backends_match: Invalid snd_device = 
10-04 22:12:52.386   607  4934 D audio_hw_primary: check_usecases_codec_backend:becf: (89) check_usecases curr device: headphones, usecase device: backends match 0
10-04 22:12:52.386   607  4934 D audio_hw_primary: check_usecases_codec_backend:becf: check_usecases num.of Usecases to switch 0
10-04 22:12:52.386   607  4934 D hardware_info: hw_info_append_hw_type : device_name = headphones
10-04 22:12:52.386   607  4934 D audio_hw_primary: enable_snd_device: device 10:device_name:headphones:ref_cnt:1
10-04 22:12:52.386   607  4934 D audio_hw_primary: enable_snd_device: snd_device(10: headphones)
10-04 22:12:52.386   607  4934 D msm8974_platform: platform_get_island_cfg_on_device:island cfg status on snd_device = (headphones 0)
10-04 22:12:52.386   607  4934 I audio_route: > audio_route_apply_path : "headphones"
10-04 22:12:52.386   607  4934 D audio_route: Apply path: headphones
10-04 22:12:52.386   607  4934 I audio_route: > audio_route_update_path + : "headphones" reverse(0)
10-04 22:12:52.386   607  4934 I audio_route: > audio_route_update_path + : path length = 6
10-04 22:12:52.389   607  4934 V audio_route: ctl(0)   : "PRIM_MI2S_RX Channels" value "Two"
10-04 22:12:52.393   607  4934 V audio_route: ctl(1)   : "RX1 MIX1 INP1" value "RX1"
10-04 22:12:52.395   607  4934 V audio_route: ctl(2)   : "RX2 MIX1 INP1" value "RX2"
10-04 22:12:52.397   607  4934 V audio_route: ctl(3)   : "RDAC2 MUX" value "RX2"
10-04 22:12:52.400   607  4934 V audio_route: ctl(4)   : "HPHL" value "Switch"
10-04 22:12:52.402   607  4934 V audio_route: ctl(5)   : "HPHR" value "Switch"
10-04 22:12:52.402   607  4934 D audio_hw_primary: select_devices: adev->active_input->snd_device=0 (0x0)
10-04 22:12:52.402   607  4934 D audio_hw_primary: enable_audio_route: enter: usecase(1)
10-04 22:12:52.402   607  4934 D audio_hw_utils: audio_extn_utils_send_app_type_cfg: usecase->out_snd_device headphones
10-04 22:12:52.402   607  4934 D audio_hw_utils: send_app_type_cfg_for_device: usecase->id 1 usecase->out_snd_device headphones, usecase->in_snd_device , split_snd_device headphones
10-04 22:12:52.403   607  4934 I audio_hw_utils: send_app_type_cfg_for_device PLAYBACK app_type 69937, acdb_dev_id 10, sample_rate 48000, snd_device_be_idx 43
10-04 22:12:52.405   607  4934 D ACDB-LOADER: ACDB -> send_audio_cal, acdb_id = 10, path = 0, app id = 0x11131, sample rate = 48000, afe_sample_rate = 48000
10-04 22:12:52.405   607  4934 D ACDB-LOADER: ACDB -> send_asm_topology
10-04 22:12:52.405   607  4934 D ACDB-LOADER: ACDB -> ACDB_CMD_GET_AUDPROC_STREAM_TOPOLOGY_ID
10-04 22:12:52.405   607  4934 D ACDB-LOADER: ACDB -> send_adm_topology
10-04 22:12:52.405   607  4934 D ACDB-LOADER: ACDB -> ACDB_CMD_GET_AUDPROC_COMMON_TOPOLOGY_ID
10-04 22:12:52.405   607  4934 D ACDB-LOADER: ACDB -> send_audtable
10-04 22:12:52.405   607  4934 D ACDB-LOADER: ACDB -> ACDB_CMD_GET_AUDPROC_COMMON_TABLE_SIZE
10-04 22:12:52.406   607  4934 D ACDB-LOADER: ACDB -> ACDB_CMD_GET_AUDPROC_COMMON_TABLE
10-04 22:12:52.406   607  4934 D ACDB-LOADER: ACDB -> AUDIO_SET_AUDPROC_CAL cal_type[11] acdb_id[10] app_type[69937]
10-04 22:12:52.406   607  4934 D ACDB-LOADER: ACDB -> send_audvoltable
10-04 22:12:52.406   607  4934 D ACDB-LOADER: ACDB -> ACDB_CMD_GET_AUDPROC_GAIN_DEP_STEP_TABLE_SIZE
